Original   | Minified   | esbuild    | Gzip       | esbuild   

72.14 kB   | 23.98 kB   | 23.70 kB   | 8.67 kB    | 8.54 kB    | react.development.js

173.90 kB  | 61.16 kB   | 59.82 kB   | 19.62 kB   | 19.33 kB   | moment.js 

287.63 kB  | 91.70 kB   | 90.07 kB   | 32.33 kB   | 31.95 kB   | jquery.js 

342.15 kB  | 120.22 kB  | 118.14 kB  | 44.72 kB   | 44.37 kB   | vue.js    

544.10 kB  | 73.02 kB   | 72.48 kB   | 26.16 kB   | 26.20 kB   | lodash.js 

555.77 kB  | 275.23 kB  | 270.13 kB  | 91.32 kB   | 90.80 kB   | d3.js     

1.01 MB    | 464.90 kB  | 458.89 kB  | 126.96 kB  | 126.71 kB  | bundle.min.js

1.25 MB    | 660.44 kB  | 646.76 kB  | 165.03 kB  | 163.73 kB  | three.js  

2.14 MB    | 739.95 kB  | 724.14 kB  | 181.70 kB  | 181.07 kB  | victory.js

3.20 MB    | 1.02 MB    | 1.01 MB    | 333.06 kB  | 331.56 kB  | echarts.js

6.69 MB    | 2.39 MB    | 2.31 MB    | 497.34 kB  | 488.28 kB  | antd.js   

10.95 MB   | 3.55 MB    | 3.49 MB    | 913.51 kB  | 915.50 kB  | typescript.js

